Using pre-set license
Built from '6000.0/staging' branch; Version is '6000.0.41f1 (46e447368a18) revision 4645959'; Using compiler version '193933523'; Build Type 'Release'
OS: 'Windows 11  (10.0.26100) 64bit Core' Language: 'es' Physical Memory: 16232 MB
BatchMode: 1, IsHumanControllingUs: 0, StartBugReporterOnCrash: 0, Is64bit: 1, IsPro: 1

COMMAND LINE ARGUMENTS:
C:\Program Files\Unity\Hub\Editor\6000.0.41f1\Editor\Unity.exe
-adb2
-batchMode
-noUpm
-name
AssetImportWorker4
-projectPath
D:/Proyectos Unity/Lost in the Toyland/Lost-in-Toyland/Lost in Toyland
-logFile
Logs/AssetImportWorker4.log
-srvPort
60287
-job-worker-count
5
-background-job-worker-count
8
-gc-helper-count
1
Successfully changed project path to: D:/Proyectos Unity/Lost in the Toyland/Lost-in-Toyland/Lost in Toyland
D:/Proyectos Unity/Lost in the Toyland/Lost-in-Toyland/Lost in Toyland
[UnityMemory] Configuration Parameters - Can be set up in boot.config
    "memorysetup-bucket-allocator-granularity=16"
    "memorysetup-bucket-allocator-bucket-count=8"
    "memorysetup-bucket-allocator-block-size=33554432"
    "memorysetup-bucket-allocator-block-count=8"
    "memorysetup-main-allocator-block-size=16777216"
    "memorysetup-thread-allocator-block-size=16777216"
    "memorysetup-gfx-main-allocator-block-size=16777216"
    "memorysetup-gfx-thread-allocator-block-size=16777216"
    "memorysetup-cache-allocator-block-size=4194304"
    "memorysetup-typetree-allocator-block-size=2097152"
    "memorysetup-profiler-bucket-allocator-granularity=16"
    "memorysetup-profiler-bucket-allocator-bucket-count=8"
    "memorysetup-profiler-bucket-allocator-block-size=33554432"
    "memorysetup-profiler-bucket-allocator-block-count=8"
    "memorysetup-profiler-allocator-block-size=16777216"
    "memorysetup-profiler-editor-allocator-block-size=1048576"
    "memorysetup-temp-allocator-size-main=16777216"
    "memorysetup-job-temp-allocator-block-size=2097152"
    "memorysetup-job-temp-allocator-block-size-background=1048576"
    "memorysetup-job-temp-allocator-reduction-small-platforms=262144"
    "memorysetup-allocator-temp-initial-block-size-main=262144"
    "memorysetup-allocator-temp-initial-block-size-worker=262144"
    "memorysetup-temp-allocator-size-background-worker=32768"
    "memorysetup-temp-allocator-size-job-worker=262144"
    "memorysetup-temp-allocator-size-preload-manager=33554432"
    "memorysetup-temp-allocator-size-nav-mesh-worker=65536"
    "memorysetup-temp-allocator-size-audio-worker=65536"
    "memorysetup-temp-allocator-size-cloud-worker=32768"
    "memorysetup-temp-allocator-size-gi-baking-worker=262144"
    "memorysetup-temp-allocator-size-gi-baking-worker=262144"
    "memorysetup-temp-allocator-size-gi-baking-worker=262144"
    "memorysetup-temp-allocator-size-gi-baking-worker=262144"
    "memorysetup-temp-allocator-size-gi-baking-worker=262144"
    "memorysetup-temp-allocator-size-gfx=262144"
Player connection [29584]  Target information:

Player connection [29584]  * "[IP] 192.168.1.129 [Port] 0 [Flags] 2 [Guid] 224346283 [EditorId] 224346283 [Version] 1048832 [Id] WindowsEditor(7,ALEXANDRA) [Debug] 1 [PackageName] WindowsEditor [ProjectName] Editor" 

Player connection [29584] Host joined multi-casting on [225.0.0.222:54997]...
Player connection [29584] Host joined alternative multi-casting on [225.0.0.222:34997]...
JobSystem: Creating JobQueue using job-worker-count value 5
Input System module state changed to: Initialized.
[Physics::Module] Initialized fallback backend.
[Physics::Module] Id: 0xdecafbad
Library Redirect Path: Library/
[Physics::Module] Selected backend.
[Physics::Module] Name: PhysX
[Physics::Module] Id: 0xf2b8ea05
[Physics::Module] SDK Version: 4.1.2
[Physics::Module] Integration Version: 1.0.0
[Physics::Module] Threading Mode: Multi-Threaded
Refreshing native plugins compatible for Editor in 3.42 ms, found 3 plugins.
Preloading 0 native plugins for Editor in 0.00 ms.
Initialize engine version: 6000.0.41f1 (46e447368a18)
[Subsystems] Discovering subsystems at path C:/Program Files/Unity/Hub/Editor/6000.0.41f1/Editor/Data/Resources/UnitySubsystems
[Subsystems] Discovering subsystems at path D:/Proyectos Unity/Lost in the Toyland/Lost-in-Toyland/Lost in Toyland/Assets
GfxDevice: creating device client; kGfxThreadingModeNonThreaded
Direct3D:
    Version:  Direct3D 11.0 [level 11.1]
    Renderer: NVIDIA GeForce GTX 1660 Ti (ID=0x2182)
    Vendor:   NVIDIA
    VRAM:     5966 MB
    Driver:   32.0.15.7260
Initialize mono
Mono path[0] = 'C:/Program Files/Unity/Hub/Editor/6000.0.41f1/Editor/Data/Managed'
Mono path[1] = 'C:/Program Files/Unity/Hub/Editor/6000.0.41f1/Editor/Data/MonoBleedingEdge/lib/mono/unityjit-win32'
Mono config path = 'C:/Program Files/Unity/Hub/Editor/6000.0.41f1/Editor/Data/MonoBleedingEdge/etc'
Using monoOptions --debugger-agent=transport=dt_socket,embedding=1,server=y,suspend=n,address=127.0.0.1:56784
Begin MonoManager ReloadAssembly
Registering precompiled unity dll's ...
Register platform support module: C:/Program Files/Unity/Hub/Editor/6000.0.41f1/Editor/Data/PlaybackEngines/WindowsStandaloneSupport/UnityEditor.WindowsStandalone.Extensions.dll
Registered in 0.003510 seconds.
- Loaded All Assemblies, in  0.477 seconds
Native extension for WindowsStandalone target not found
Mono: successfully reloaded assembly
- Finished resetting the current domain, in  0.369 seconds
Domain Reload Profiling: 842ms
	BeginReloadAssembly (170ms)
		ExecutionOrderSort (0ms)
		DisableScriptedObjects (0ms)
		BackupInstance (0ms)
		ReleaseScriptingObjects (0ms)
		CreateAndSetChildDomain (1ms)
	RebuildCommonClasses (47ms)
	RebuildNativeTypeToScriptingClass (18ms)
	initialDomainReloadingComplete (59ms)
	LoadAllAssembliesAndSetupDomain (179ms)
		LoadAssemblies (166ms)
		RebuildTransferFunctionScriptingTraits (0ms)
		AnalyzeDomain (176ms)
			TypeCache.Refresh (174ms)
				TypeCache.ScanAssembly (159ms)
			BuildScriptInfoCaches (0ms)
			ResolveRequiredComponents (0ms)
	FinalizeReload (369ms)
		ReleaseScriptCaches (0ms)
		RebuildScriptCaches (0ms)
		SetupLoadedEditorAssemblies (318ms)
			LogAssemblyErrors (0ms)
			InitializePlatformSupportModulesInManaged (27ms)
			SetLoadedEditorAssemblies (5ms)
			BeforeProcessingInitializeOnLoad (61ms)
			ProcessInitializeOnLoadAttributes (165ms)
			ProcessInitializeOnLoadMethodAttributes (60ms)
			AfterProcessingInitializeOnLoad (0ms)
			EditorAssembliesLoaded (0ms)
		ExecutionOrderSort2 (0ms)
		AwakeInstancesAfterBackupRestoration (0ms)
Assembly reference Packages/com.unity.cinemachine/Editor/Samples/ExposeHDRPInternals/HDRP-Editor-ref.asmref has no target assembly definition
========================================================================
Worker process is ready to serve import requests
Import Worker Mode flag is 0x00
Assembly reference Packages/com.unity.cinemachine/Editor/Samples/ExposeHDRPInternals/HDRP-Editor-ref.asmref has no target assembly definition
Assembly reference Packages/com.unity.cinemachine/Editor/Samples/ExposeHDRPInternals/HDRP-Editor-ref.asmref has no target assembly definition
Begin MonoManager ReloadAssembly
- Loaded All Assemblies, in  0.890 seconds
Assembly reference Packages/com.unity.cinemachine/Editor/Samples/ExposeHDRPInternals/HDRP-Editor-ref.asmref has no target assembly definition
'Packages/com.unity.cinemachine/Editor/Obsolete/CinemachineVirtualCameraBaseEditor.cs' contains partial class of Unity.Object, exactly 1 of the partial classes needs to be in a file with the same filename. This is to know the one that can be referenced from ie. GameObjects
'Packages/com.unity.cinemachine/Editor/Editors/CinemachineVirtualCameraBaseEditor.cs' contains partial class of Unity.Object, exactly 1 of the partial classes needs to be in a file with the same filename. This is to know the one that can be referenced from ie. GameObjects
Refreshing native plugins compatible for Editor in 1.25 ms, found 3 plugins.
Native extension for WindowsStandalone target not found
Assembly reference Packages/com.unity.cinemachine/Editor/Samples/ExposeHDRPInternals/HDRP-Editor-ref.asmref has no target assembly definition
Package Manager log level set to [2]
[Package Manager] Failed to launch server process. Reason: Unity was launched with the -noUpm command-line argument
[Package Manager] Unable to send message (not connected to server process).
[Package Manager] Cannot connect to Unity Package Manager local server
Missing types referenced from component UniversalRenderPipelineGlobalSettings on game object UniversalRenderPipelineGlobalSettings:
	UnityEngine.Rendering.LightmapSamplingSettings, Unity.RenderPipelines.Core.Runtime (1 object)
	UnityEngine.Rendering.VrsRenderPipelineRuntimeResources, Unity.RenderPipelines.Core.Runtime (1 object)
[MODES] ModeService[none].Initialize
[MODES] ModeService[none].LoadModes
[MODES] Loading mode Default (0) for mode-current-id-Lost in the Toyland
Mono: successfully reloaded assembly
- Finished resetting the current domain, in  0.953 seconds
Domain Reload Profiling: 1839ms
	BeginReloadAssembly (184ms)
		ExecutionOrderSort (0ms)
		DisableScriptedObjects (7ms)
		BackupInstance (0ms)
		ReleaseScriptingObjects (0ms)
		CreateAndSetChildDomain (28ms)
	RebuildCommonClasses (42ms)
	RebuildNativeTypeToScriptingClass (14ms)
	initialDomainReloadingComplete (44ms)
	LoadAllAssembliesAndSetupDomain (602ms)
		LoadAssemblies (401ms)
		RebuildTransferFunctionScriptingTraits (0ms)
		AnalyzeDomain (312ms)
			TypeCache.Refresh (224ms)
				TypeCache.ScanAssembly (206ms)
			BuildScriptInfoCaches (69ms)
			ResolveRequiredComponents (15ms)
	FinalizeReload (953ms)
		ReleaseScriptCaches (0ms)
		RebuildScriptCaches (0ms)
		SetupLoadedEditorAssemblies (770ms)
			LogAssemblyErrors (0ms)
			InitializePlatformSupportModulesInManaged (2ms)
			SetLoadedEditorAssemblies (6ms)
			BeforeProcessingInitializeOnLoad (123ms)
			ProcessInitializeOnLoadAttributes (458ms)
			ProcessInitializeOnLoadMethodAttributes (174ms)
			AfterProcessingInitializeOnLoad (7ms)
			EditorAssembliesLoaded (0ms)
		ExecutionOrderSort2 (0ms)
		AwakeInstancesAfterBackupRestoration (6ms)
Launched and connected shader compiler UnityShaderCompiler.exe after 0.02 seconds
Refreshing native plugins compatible for Editor in 2.26 ms, found 3 plugins.
Preloading 0 native plugins for Editor in 0.00 ms.
Unloading 234 Unused Serialized files (Serialized files now loaded: 0)
Unloading 6769 unused Assets / (4.8 MB). Loaded Objects now: 7492.
Memory consumption went from 173.8 MB to 169.0 MB.
Total: 16.566500 ms (FindLiveObjects: 1.136500 ms CreateObjectMapping: 1.816000 ms MarkObjects: 8.689400 ms  DeleteObjects: 4.923200 ms)

========================================================================
Received Import Request.
  Time since last request: 307097.084260 seconds.
  path: Assets/Samples
  artifactKey: Guid(1feba4abaec1b8843bf8dfbb5622b163) Importer(815301076,1909f56bfc062723c751e8b465ee728b)
Start importing Assets/Samples using Guid(1feba4abaec1b8843bf8dfbb5622b163) Importer(815301076,1909f56bfc062723c751e8b465ee728b) (PreviewImporter) -> (artifact id: 'b9c1575813f9c81f073c35ad4df5e818') in 0.004944 seconds
Number of updated asset objects reloaded before import = 0Number of asset objects unloaded after import = 0

========================================================================
Received Import Request.
  Time since last request: 389.774048 seconds.
  path: Assets/Doors Small Sound Pack
  artifactKey: Guid(4679f796dcec0d74f9f389e9ca42009e) Importer(815301076,1909f56bfc062723c751e8b465ee728b)
Start importing Assets/Doors Small Sound Pack using Guid(4679f796dcec0d74f9f389e9ca42009e) Importer(815301076,1909f56bfc062723c751e8b465ee728b) (PreviewImporter) -> (artifact id: '6687e9ac5ecafe34f9dc2aceaad8b6f4') in 0.000756 seconds
Number of updated asset objects reloaded before import = 0Number of asset objects unloaded after import = 0

========================================================================
Received Import Request.
  Time since last request: 6.643112 seconds.
  path: Assets/Sounds/Doors/Doors Small Sound Pack/Drs_Bathroom_Locker_Close_01.wav
  artifactKey: Guid(2d18ea37688b6fa4699e27570b896b52) Importer(815301076,1909f56bfc062723c751e8b465ee728b)
Start importing Assets/Sounds/Doors/Doors Small Sound Pack/Drs_Bathroom_Locker_Close_01.wav using Guid(2d18ea37688b6fa4699e27570b896b52) Importer(815301076,1909f56bfc062723c751e8b465ee728b) (PreviewImporter) -> (artifact id: '728b70b4443114dca7f2e60bd5964846') in 0.1534197 seconds
Number of updated asset objects reloaded before import = 0Number of asset objects unloaded after import = 2

========================================================================
Received Import Request.
  Time since last request: 0.000025 seconds.
  path: Assets/Sounds/Doors/Doors Small Sound Pack/Drs_MetalDoor_Close_01.wav
  artifactKey: Guid(d7f59595aa88d4148b306f5e4a1b5096) Importer(815301076,1909f56bfc062723c751e8b465ee728b)
Start importing Assets/Sounds/Doors/Doors Small Sound Pack/Drs_MetalDoor_Close_01.wav using Guid(d7f59595aa88d4148b306f5e4a1b5096) Importer(815301076,1909f56bfc062723c751e8b465ee728b) (PreviewImporter) -> (artifact id: '4b5d8c73eac19ebde75a74e4367e41e0') in 0.0232942 seconds
Number of updated asset objects reloaded before import = 0Number of asset objects unloaded after import = 2

========================================================================
Received Import Request.
  Time since last request: 0.000024 seconds.
  path: Assets/Sounds/Doors/Doors Small Sound Pack/Drs_Close_Box_01.wav
  artifactKey: Guid(c564904aa7f0c50418f0388cda1afa05) Importer(815301076,1909f56bfc062723c751e8b465ee728b)
Start importing Assets/Sounds/Doors/Doors Small Sound Pack/Drs_Close_Box_01.wav using Guid(c564904aa7f0c50418f0388cda1afa05) Importer(815301076,1909f56bfc062723c751e8b465ee728b) (PreviewImporter) -> (artifact id: 'b1bb6f7565553e19db75878d3ca8a1ba') in 0.0166422 seconds
Number of updated asset objects reloaded before import = 0Number of asset objects unloaded after import = 2

========================================================================
Received Import Request.
  Time since last request: 0.000016 seconds.
  path: Assets/Sounds/Doors/Doors Small Sound Pack/Drs_Chest_Large_Open_01.wav
  artifactKey: Guid(ab384642aa9657d4fb8d6c44082726ba) Importer(815301076,1909f56bfc062723c751e8b465ee728b)
Start importing Assets/Sounds/Doors/Doors Small Sound Pack/Drs_Chest_Large_Open_01.wav using Guid(ab384642aa9657d4fb8d6c44082726ba) Importer(815301076,1909f56bfc062723c751e8b465ee728b) (PreviewImporter) -> (artifact id: '0c33ab8b68eff6977e0cebab505b366b') in 0.0193691 seconds
Number of updated asset objects reloaded before import = 0Number of asset objects unloaded after import = 2

========================================================================
Received Import Request.
  Time since last request: 0.000015 seconds.
  path: Assets/Sounds/Doors/Doors Small Sound Pack/Drs_Car_Close_01.wav
  artifactKey: Guid(39c367025b87bc34aa79c488f7b788ed) Importer(815301076,1909f56bfc062723c751e8b465ee728b)
Start importing Assets/Sounds/Doors/Doors Small Sound Pack/Drs_Car_Close_01.wav using Guid(39c367025b87bc34aa79c488f7b788ed) Importer(815301076,1909f56bfc062723c751e8b465ee728b) (PreviewImporter) -> (artifact id: 'ffdc4df1018c03bbc46a762babffde5c') in 0.0150048 seconds
Number of updated asset objects reloaded before import = 0Number of asset objects unloaded after import = 2

========================================================================
Received Import Request.
  Time since last request: 0.000016 seconds.
  path: Assets/Sounds/Doors/Doors Small Sound Pack/Drs_Front_Door_Close_01.wav
  artifactKey: Guid(f80c4491ef7b09b4ca4854859ae0c054) Importer(815301076,1909f56bfc062723c751e8b465ee728b)
Start importing Assets/Sounds/Doors/Doors Small Sound Pack/Drs_Front_Door_Close_01.wav using Guid(f80c4491ef7b09b4ca4854859ae0c054) Importer(815301076,1909f56bfc062723c751e8b465ee728b) (PreviewImporter) -> (artifact id: 'e1d14972314af409e907d796eb342f6b') in 0.0177238 seconds
Number of updated asset objects reloaded before import = 0Number of asset objects unloaded after import = 2

========================================================================
Received Import Request.
  Time since last request: 0.000025 seconds.
  path: Assets/Sounds/Doors/Doors Small Sound Pack/Drs_Chest_Open_01.wav
  artifactKey: Guid(0921c6f7104eca248b33b7d02708e469) Importer(815301076,1909f56bfc062723c751e8b465ee728b)
Start importing Assets/Sounds/Doors/Doors Small Sound Pack/Drs_Chest_Open_01.wav using Guid(0921c6f7104eca248b33b7d02708e469) Importer(815301076,1909f56bfc062723c751e8b465ee728b) (PreviewImporter) -> (artifact id: 'e9fd919b6547c56eca861c5d6aaf1c93') in 0.0182667 seconds
Number of updated asset objects reloaded before import = 0Number of asset objects unloaded after import = 2

========================================================================
Received Import Request.
  Time since last request: 0.000027 seconds.
  path: Assets/Sounds/Doors/Doors Small Sound Pack/Drs_Car_Open_01.wav
  artifactKey: Guid(094d4bd8ba687aa4f9b0fc81f99e4245) Importer(815301076,1909f56bfc062723c751e8b465ee728b)
Start importing Assets/Sounds/Doors/Doors Small Sound Pack/Drs_Car_Open_01.wav using Guid(094d4bd8ba687aa4f9b0fc81f99e4245) Importer(815301076,1909f56bfc062723c751e8b465ee728b) (PreviewImporter) -> (artifact id: 'e260c1102d1f50763fe2fc19e9796b4a') in 0.0169371 seconds
Number of updated asset objects reloaded before import = 0Number of asset objects unloaded after import = 2

========================================================================
Received Import Request.
  Time since last request: 1.828372 seconds.
  path: Assets/Sounds/Doors/Door, Cabinet and Locker Sound Pack (Free)
  artifactKey: Guid(29f53c7ab62774560b57eac1de1f8257) Importer(815301076,1909f56bfc062723c751e8b465ee728b)
Start importing Assets/Sounds/Doors/Door, Cabinet and Locker Sound Pack (Free) using Guid(29f53c7ab62774560b57eac1de1f8257) Importer(815301076,1909f56bfc062723c751e8b465ee728b) (PreviewImporter) -> (artifact id: '15572a658f828272840a6c6ef222297b') in 0.0005328 seconds
Number of updated asset objects reloaded before import = 0Number of asset objects unloaded after import = 0

========================================================================
Received Import Request.
  Time since last request: 1.824898 seconds.
  path: Assets/Sounds/Doors/Door, Cabinet and Locker Sound Pack (Free)/FREE VERSION
  artifactKey: Guid(3c756c8a7ad0e4aa48e0970e9fedac7e) Importer(815301076,1909f56bfc062723c751e8b465ee728b)
Start importing Assets/Sounds/Doors/Door, Cabinet and Locker Sound Pack (Free)/FREE VERSION using Guid(3c756c8a7ad0e4aa48e0970e9fedac7e) Importer(815301076,1909f56bfc062723c751e8b465ee728b) (PreviewImporter) -> (artifact id: '4df007b1e6511a41ad550d11b0afd93b') in 0.0006559 seconds
Number of updated asset objects reloaded before import = 0Number of asset objects unloaded after import = 0

========================================================================
Received Import Request.
  Time since last request: 0.070455 seconds.
  path: Assets/Sounds/Doors/Door, Cabinet and Locker Sound Pack (Free)/FREE VERSION/Call Classic Old Lift Elevator Button With Ride 1.wav
  artifactKey: Guid(ac5da0944e6824ac3b49a8e93e7bb499) Importer(815301076,1909f56bfc062723c751e8b465ee728b)
Start importing Assets/Sounds/Doors/Door, Cabinet and Locker Sound Pack (Free)/FREE VERSION/Call Classic Old Lift Elevator Button With Ride 1.wav using Guid(ac5da0944e6824ac3b49a8e93e7bb499) Importer(815301076,1909f56bfc062723c751e8b465ee728b) (PreviewImporter) -> (artifact id: 'ad76e377641ef3ac9e0dbc1da682b597') in 0.0759417 seconds
Number of updated asset objects reloaded before import = 0Number of asset objects unloaded after import = 2

========================================================================
Received Import Request.
  Time since last request: 0.000025 seconds.
  path: Assets/Sounds/Doors/Door, Cabinet and Locker Sound Pack (Free)/FREE VERSION/Close Cabinet Cupboard 1.wav
  artifactKey: Guid(eeb40c82002604d4080b1810e3a3cd21) Importer(815301076,1909f56bfc062723c751e8b465ee728b)
Start importing Assets/Sounds/Doors/Door, Cabinet and Locker Sound Pack (Free)/FREE VERSION/Close Cabinet Cupboard 1.wav using Guid(eeb40c82002604d4080b1810e3a3cd21) Importer(815301076,1909f56bfc062723c751e8b465ee728b) (PreviewImporter) -> (artifact id: '2faef5d70d77bca5df0f1d60e0a9addd') in 0.0264922 seconds
Number of updated asset objects reloaded before import = 0Number of asset objects unloaded after import = 2

========================================================================
Received Import Request.
  Time since last request: 0.000034 seconds.
  path: Assets/Sounds/Doors/Door, Cabinet and Locker Sound Pack (Free)/FREE VERSION/Close Door 2.wav
  artifactKey: Guid(c52f0b0e644464ca0b066d80091a5c8f) Importer(815301076,1909f56bfc062723c751e8b465ee728b)
Start importing Assets/Sounds/Doors/Door, Cabinet and Locker Sound Pack (Free)/FREE VERSION/Close Door 2.wav using Guid(c52f0b0e644464ca0b066d80091a5c8f) Importer(815301076,1909f56bfc062723c751e8b465ee728b) (PreviewImporter) -> (artifact id: 'f1595d447e2f503d2ddc71a304a1d773') in 0.0271562 seconds
Number of updated asset objects reloaded before import = 0Number of asset objects unloaded after import = 2

========================================================================
Received Import Request.
  Time since last request: 0.000045 seconds.
  path: Assets/Sounds/Doors/Door, Cabinet and Locker Sound Pack (Free)/FREE VERSION/Locked Door 2.wav
  artifactKey: Guid(cfb34fff51b0847e599e6831ba854864) Importer(815301076,1909f56bfc062723c751e8b465ee728b)
Start importing Assets/Sounds/Doors/Door, Cabinet and Locker Sound Pack (Free)/FREE VERSION/Locked Door 2.wav using Guid(cfb34fff51b0847e599e6831ba854864) Importer(815301076,1909f56bfc062723c751e8b465ee728b) (PreviewImporter) -> (artifact id: '8e16b46ea9985662679044d90762a8e0') in 0.0321561 seconds
Number of updated asset objects reloaded before import = 0Number of asset objects unloaded after import = 2

========================================================================
Received Import Request.
  Time since last request: 0.000029 seconds.
  path: Assets/Sounds/Doors/Door, Cabinet and Locker Sound Pack (Free)/FREE VERSION/Close Door 6.wav
  artifactKey: Guid(0210c1127dd754ced9c723f73428cc1c) Importer(815301076,1909f56bfc062723c751e8b465ee728b)
Start importing Assets/Sounds/Doors/Door, Cabinet and Locker Sound Pack (Free)/FREE VERSION/Close Door 6.wav using Guid(0210c1127dd754ced9c723f73428cc1c) Importer(815301076,1909f56bfc062723c751e8b465ee728b) (PreviewImporter) -> (artifact id: 'ed3338bdd644887b9173cb7a823da452') in 0.0406587 seconds
Number of updated asset objects reloaded before import = 0Number of asset objects unloaded after import = 2

========================================================================
Received Import Request.
  Time since last request: 0.000028 seconds.
  path: Assets/Sounds/Doors/Door, Cabinet and Locker Sound Pack (Free)/FREE VERSION/Close Latch 1.wav
  artifactKey: Guid(e51fa48d8287f43e3bf9bcf572a45998) Importer(815301076,1909f56bfc062723c751e8b465ee728b)
Start importing Assets/Sounds/Doors/Door, Cabinet and Locker Sound Pack (Free)/FREE VERSION/Close Latch 1.wav using Guid(e51fa48d8287f43e3bf9bcf572a45998) Importer(815301076,1909f56bfc062723c751e8b465ee728b) (PreviewImporter) -> (artifact id: '63d1d86b86a0bf8b2de4df95b6bcf147') in 0.0270567 seconds
Number of updated asset objects reloaded before import = 0Number of asset objects unloaded after import = 2

========================================================================
Received Import Request.
  Time since last request: 0.000038 seconds.
  path: Assets/Sounds/Doors/Door, Cabinet and Locker Sound Pack (Free)/FREE VERSION/Open and Close Door 2.wav
  artifactKey: Guid(ba47ededc29024b38b09ca7d6d7c322a) Importer(815301076,1909f56bfc062723c751e8b465ee728b)
Start importing Assets/Sounds/Doors/Door, Cabinet and Locker Sound Pack (Free)/FREE VERSION/Open and Close Door 2.wav using Guid(ba47ededc29024b38b09ca7d6d7c322a) Importer(815301076,1909f56bfc062723c751e8b465ee728b) (PreviewImporter) -> (artifact id: 'b86786218ec280e7c5f8d3b43b4285a1') in 0.0392495 seconds
Number of updated asset objects reloaded before import = 0Number of asset objects unloaded after import = 2

========================================================================
Received Import Request.
  Time since last request: 0.000035 seconds.
  path: Assets/Sounds/Doors/Door, Cabinet and Locker Sound Pack (Free)/FREE VERSION/Closing Door With Creak Latch Shut 3.wav
  artifactKey: Guid(71338e9c0995b42569ef100ba7f3c5c7) Importer(815301076,1909f56bfc062723c751e8b465ee728b)
Start importing Assets/Sounds/Doors/Door, Cabinet and Locker Sound Pack (Free)/FREE VERSION/Closing Door With Creak Latch Shut 3.wav using Guid(71338e9c0995b42569ef100ba7f3c5c7) Importer(815301076,1909f56bfc062723c751e8b465ee728b) (PreviewImporter) -> (artifact id: '4f32f6c80dd7b3733dd8388b530b5b0b') in 0.0432785 seconds
Number of updated asset objects reloaded before import = 0Number of asset objects unloaded after import = 2

========================================================================
Received Import Request.
  Time since last request: 0.530379 seconds.
  path: Assets/Sounds/Doors/Door, Cabinet and Locker Sound Pack (Free)/FREE VERSION/Open Close Drawer Slowly 1.wav
  artifactKey: Guid(395e8df0c343347bbac89a7674e7f8ec) Importer(815301076,1909f56bfc062723c751e8b465ee728b)
Start importing Assets/Sounds/Doors/Door, Cabinet and Locker Sound Pack (Free)/FREE VERSION/Open Close Drawer Slowly 1.wav using Guid(395e8df0c343347bbac89a7674e7f8ec) Importer(815301076,1909f56bfc062723c751e8b465ee728b) (PreviewImporter) -> (artifact id: 'd690612ba51b87b93795f39d3b2f6061') in 0.0451933 seconds
Number of updated asset objects reloaded before import = 0Number of asset objects unloaded after import = 2

========================================================================
Received Import Request.
  Time since last request: 0.000021 seconds.
  path: Assets/Sounds/Doors/Door, Cabinet and Locker Sound Pack (Free)/FREE VERSION/Swinging Metal Door Clang Shut 1.wav
  artifactKey: Guid(d0e9bbc92e8ca42ec81b4a5afc5ab590) Importer(815301076,1909f56bfc062723c751e8b465ee728b)
Start importing Assets/Sounds/Doors/Door, Cabinet and Locker Sound Pack (Free)/FREE VERSION/Swinging Metal Door Clang Shut 1.wav using Guid(d0e9bbc92e8ca42ec81b4a5afc5ab590) Importer(815301076,1909f56bfc062723c751e8b465ee728b) (PreviewImporter) -> (artifact id: '2db86fbd9b602c6b2f3cc51265bc8dc6') in 0.0317185 seconds
Number of updated asset objects reloaded before import = 0Number of asset objects unloaded after import = 2

========================================================================
Received Import Request.
  Time since last request: 0.000017 seconds.
  path: Assets/Sounds/Doors/Door, Cabinet and Locker Sound Pack (Free)/FREE VERSION/Window Sliding Open Furniture Moving 3.wav
  artifactKey: Guid(a060384cf2636489b90324a5df9d539f) Importer(815301076,1909f56bfc062723c751e8b465ee728b)
Start importing Assets/Sounds/Doors/Door, Cabinet and Locker Sound Pack (Free)/FREE VERSION/Window Sliding Open Furniture Moving 3.wav using Guid(a060384cf2636489b90324a5df9d539f) Importer(815301076,1909f56bfc062723c751e8b465ee728b) (PreviewImporter) -> (artifact id: '981da3327f65c58872741c45600fba67') in 0.0226106 seconds
Number of updated asset objects reloaded before import = 0Number of asset objects unloaded after import = 2

Editor requested this worker to shutdown with reason: Scaling down because of idle timeout
AssetImportWorker is now disconnected from the server
Process exiting
Exiting without the bug reporter. Application will terminate with return code 0