Using pre-set license
Built from '2023.2/staging' branch; Version is '2023.2.20f1 (0e25a174756c) revision 927137'; Using compiler version '193431935'; Build Type 'Release'
OS: 'Windows 11  (10.0.26100) 64bit Core' Language: 'es' Physical Memory: 16232 MB
BatchMode: 1, IsHumanControllingUs: 0, StartBugReporterOnCrash: 0, Is64bit: 1, IsPro: 1

COMMAND LINE ARGUMENTS:
C:\Program Files\Unity\Hub\Editor\2023.2.20f1\Editor\Unity.exe
-adb2
-batchMode
-noUpm
-name
AssetImportWorker0
-projectPath
D:/Proyectos Unity/Lost in the Toyland/Lost-in-Toyland/Lost in Toyland
-logFile
Logs/AssetImportWorker0.log
-srvPort
50149
-job-worker-count
5
-background-job-worker-count
8
-asset-garbage-collectors
1
Successfully changed project path to: D:/Proyectos Unity/Lost in the Toyland/Lost-in-Toyland/Lost in Toyland
D:/Proyectos Unity/Lost in the Toyland/Lost-in-Toyland/Lost in Toyland
[UnityMemory] Configuration Parameters - Can be set up in boot.config
    "memorysetup-bucket-allocator-granularity=16"
    "memorysetup-bucket-allocator-bucket-count=8"
    "memorysetup-bucket-allocator-block-size=33554432"
    "memorysetup-bucket-allocator-block-count=8"
    "memorysetup-main-allocator-block-size=16777216"
    "memorysetup-thread-allocator-block-size=16777216"
    "memorysetup-gfx-main-allocator-block-size=16777216"
    "memorysetup-gfx-thread-allocator-block-size=16777216"
    "memorysetup-cache-allocator-block-size=4194304"
    "memorysetup-typetree-allocator-block-size=2097152"
    "memorysetup-profiler-bucket-allocator-granularity=16"
    "memorysetup-profiler-bucket-allocator-bucket-count=8"
    "memorysetup-profiler-bucket-allocator-block-size=33554432"
    "memorysetup-profiler-bucket-allocator-block-count=8"
    "memorysetup-profiler-allocator-block-size=16777216"
    "memorysetup-profiler-editor-allocator-block-size=1048576"
    "memorysetup-temp-allocator-size-main=16777216"
    "memorysetup-job-temp-allocator-block-size=2097152"
    "memorysetup-job-temp-allocator-block-size-background=1048576"
    "memorysetup-job-temp-allocator-reduction-small-platforms=262144"
    "memorysetup-allocator-temp-initial-block-size-main=262144"
    "memorysetup-allocator-temp-initial-block-size-worker=262144"
    "memorysetup-temp-allocator-size-background-worker=32768"
    "memorysetup-temp-allocator-size-job-worker=262144"
    "memorysetup-temp-allocator-size-preload-manager=33554432"
    "memorysetup-temp-allocator-size-nav-mesh-worker=65536"
    "memorysetup-temp-allocator-size-audio-worker=65536"
    "memorysetup-temp-allocator-size-cloud-worker=32768"
    "memorysetup-temp-allocator-size-gi-baking-worker=262144"
    "memorysetup-temp-allocator-size-gi-baking-worker=262144"
    "memorysetup-temp-allocator-size-gi-baking-worker=262144"
    "memorysetup-temp-allocator-size-gi-baking-worker=262144"
    "memorysetup-temp-allocator-size-gfx=262144"
Player connection [18324] Host "[IP] 192.168.1.128 [Port] 0 [Flags] 2 [Guid] 2188472789 [EditorId] 2188472789 [Version] 1048832 [Id] WindowsEditor(7,ALEXANDRA) [Debug] 1 [PackageName] WindowsEditor [ProjectName] Editor" joined multi-casting on [225.0.0.222:54997]...
Player connection [18324] Host "[IP] 192.168.1.128 [Port] 0 [Flags] 2 [Guid] 2188472789 [EditorId] 2188472789 [Version] 1048832 [Id] WindowsEditor(7,ALEXANDRA) [Debug] 1 [PackageName] WindowsEditor [ProjectName] Editor" joined alternative multi-casting on [225.0.0.222:34997]...
JobSystem: Creating JobQueue using job-worker-count value 5
[Physics::Module] Initialized MultithreadedJobDispatcher with 5 workers.
Library Redirect Path: Library/
Refreshing native plugins compatible for Editor in 355.11 ms, found 4 plugins.
Preloading 0 native plugins for Editor in 0.00 ms.
Initialize engine version: 2023.2.20f1 (0e25a174756c)
[Subsystems] Discovering subsystems at path C:/Program Files/Unity/Hub/Editor/2023.2.20f1/Editor/Data/Resources/UnitySubsystems
[Subsystems] Discovering subsystems at path D:/Proyectos Unity/Lost in the Toyland/Lost-in-Toyland/Lost in Toyland/Assets
GfxDevice: creating device client; kGfxThreadingModeNonThreaded
Direct3D:
    Version:  Direct3D 11.0 [level 11.1]
    Renderer: NVIDIA GeForce GTX 1660 Ti (ID=0x2182)
    Vendor:   NVIDIA
    VRAM:     5966 MB
    Driver:   32.0.15.7260
Invalid texture used for cursor - check importer settings or texture creation. Texture must be RGBA32, readable, have alphaIsTransparency enabled and have no mip chain.
Initialize mono
Mono path[0] = 'C:/Program Files/Unity/Hub/Editor/2023.2.20f1/Editor/Data/Managed'
Mono path[1] = 'C:/Program Files/Unity/Hub/Editor/2023.2.20f1/Editor/Data/MonoBleedingEdge/lib/mono/unityjit-win32'
Mono config path = 'C:/Program Files/Unity/Hub/Editor/2023.2.20f1/Editor/Data/MonoBleedingEdge/etc'
Using monoOptions --debugger-agent=transport=dt_socket,embedding=1,server=y,suspend=n,address=127.0.0.1:56540
Begin MonoManager ReloadAssembly
Registering precompiled unity dll's ...
Register platform support module: C:/Program Files/Unity/Hub/Editor/2023.2.20f1/Editor/Data/PlaybackEngines/WindowsStandaloneSupport/UnityEditor.WindowsStandalone.Extensions.dll
Registered in 0.003842 seconds.
- Loaded All Assemblies, in  0.557 seconds
Native extension for WindowsStandalone target not found
Mono: successfully reloaded assembly
- Finished resetting the current domain, in  0.471 seconds
Domain Reload Profiling: 1022ms
	BeginReloadAssembly (183ms)
		ExecutionOrderSort (0ms)
		DisableScriptedObjects (0ms)
		BackupInstance (0ms)
		ReleaseScriptingObjects (0ms)
		CreateAndSetChildDomain (1ms)
	RebuildCommonClasses (51ms)
	RebuildNativeTypeToScriptingClass (17ms)
	initialDomainReloadingComplete (75ms)
	LoadAllAssembliesAndSetupDomain (225ms)
		LoadAssemblies (179ms)
		RebuildTransferFunctionScriptingTraits (0ms)
		AnalyzeDomain (221ms)
			TypeCache.Refresh (220ms)
				TypeCache.ScanAssembly (203ms)
			BuildScriptInfoCaches (0ms)
			ResolveRequiredComponents (0ms)
	FinalizeReload (471ms)
		ReleaseScriptCaches (0ms)
		RebuildScriptCaches (0ms)
		SetupLoadedEditorAssemblies (378ms)
			LogAssemblyErrors (0ms)
			InitializePlatformSupportModulesInManaged (12ms)
			SetLoadedEditorAssemblies (7ms)
			BeforeProcessingInitializeOnLoad (6ms)
			ProcessInitializeOnLoadAttributes (285ms)
			ProcessInitializeOnLoadMethodAttributes (68ms)
			AfterProcessingInitializeOnLoad (0ms)
			EditorAssembliesLoaded (0ms)
		ExecutionOrderSort2 (0ms)
		AwakeInstancesAfterBackupRestoration (0ms)
Assembly reference Packages/com.unity.entities/Unity.Scenes.Editor/Internals/Properties/Unity.Properties.Internals.asmref has no target assembly definition
========================================================================
Worker process is ready to serve import requests
Import Worker Mode flag is 0x00
Assembly reference Packages/com.unity.entities/Unity.Scenes.Editor/Internals/Properties/Unity.Properties.Internals.asmref has no target assembly definition
Assembly reference Packages/com.unity.entities/Unity.Scenes.Editor/Internals/Properties/Unity.Properties.Internals.asmref has no target assembly definition
Begin MonoManager ReloadAssembly
- Loaded All Assemblies, in  1.345 seconds
Assembly reference Packages/com.unity.entities/Unity.Scenes.Editor/Internals/Properties/Unity.Properties.Internals.asmref has no target assembly definition
Refreshing native plugins compatible for Editor in 3.04 ms, found 4 plugins.
Native extension for WindowsStandalone target not found
Assembly reference Packages/com.unity.entities/Unity.Scenes.Editor/Internals/Properties/Unity.Properties.Internals.asmref has no target assembly definition
Package Manager log level set to [2]
[Package Manager] Failed to launch server process. Reason: Unity was launched with the -noUpm command-line argument
[Package Manager] Unable to send message (not connected to server process).
[Package Manager] Cannot connect to Unity Package Manager local server
Refreshing native plugins compatible for Editor in 2.49 ms, found 4 plugins.
TypeManager.Initialize took: 436ms
Mono: successfully reloaded assembly
- Finished resetting the current domain, in  1.763 seconds
Domain Reload Profiling: 3104ms
	BeginReloadAssembly (491ms)
		ExecutionOrderSort (0ms)
		DisableScriptedObjects (8ms)
		BackupInstance (0ms)
		ReleaseScriptingObjects (0ms)
		CreateAndSetChildDomain (40ms)
	RebuildCommonClasses (55ms)
	RebuildNativeTypeToScriptingClass (21ms)
	initialDomainReloadingComplete (56ms)
	LoadAllAssembliesAndSetupDomain (718ms)
		LoadAssemblies (488ms)
		RebuildTransferFunctionScriptingTraits (0ms)
		AnalyzeDomain (355ms)
			TypeCache.Refresh (281ms)
				TypeCache.ScanAssembly (260ms)
			BuildScriptInfoCaches (50ms)
			ResolveRequiredComponents (19ms)
	FinalizeReload (1763ms)
		ReleaseScriptCaches (0ms)
		RebuildScriptCaches (0ms)
		SetupLoadedEditorAssemblies (1434ms)
			LogAssemblyErrors (0ms)
			InitializePlatformSupportModulesInManaged (3ms)
			SetLoadedEditorAssemblies (7ms)
			BeforeProcessingInitializeOnLoad (107ms)
			ProcessInitializeOnLoadAttributes (1143ms)
			ProcessInitializeOnLoadMethodAttributes (165ms)
			AfterProcessingInitializeOnLoad (8ms)
			EditorAssembliesLoaded (0ms)
		ExecutionOrderSort2 (0ms)
		AwakeInstancesAfterBackupRestoration (12ms)
Launched and connected shader compiler UnityShaderCompiler.exe after 0.02 seconds
Refreshing native plugins compatible for Editor in 4.01 ms, found 4 plugins.
Preloading 0 native plugins for Editor in 0.00 ms.
Unloading 190 Unused Serialized files (Serialized files now loaded: 0)
Unloading 7689 unused Assets / (3.5 MB). Loaded Objects now: 8385.
Memory consumption went from 195.8 MB to 192.3 MB.
Total: 23.428700 ms (FindLiveObjects: 1.375600 ms CreateObjectMapping: 1.981700 ms MarkObjects: 13.060700 ms  DeleteObjects: 7.009100 ms)

========================================================================
Received Import Request.
  Time since last request: 995.023576 seconds.
  path: Assets/Sprites/Crosshair/White Retina/crosshair007.png
  artifactKey: Guid(49474bf3feaf4fe42b6348f256b2cef5) Importer(815301076,1909f56bfc062723c751e8b465ee728b)
Start importing Assets/Sprites/Crosshair/White Retina/crosshair007.png using Guid(49474bf3feaf4fe42b6348f256b2cef5) Importer(815301076,1909f56bfc062723c751e8b465ee728b) (PreviewImporter) -> (artifact id: '0ae580fabf7df3f9f8a4a617a468cb85') in 0.1359954 seconds
Number of updated asset objects reloaded before import = 0Number of asset objects unloaded after import = 2

========================================================================
Received Import Request.
  Time since last request: 0.000032 seconds.
  path: Assets/Sprites/Crosshair/Black Retina/crosshair008.png
  artifactKey: Guid(13155c486bc43f14e8dd0ecf1d9737de) Importer(815301076,1909f56bfc062723c751e8b465ee728b)
Start importing Assets/Sprites/Crosshair/Black Retina/crosshair008.png using Guid(13155c486bc43f14e8dd0ecf1d9737de) Importer(815301076,1909f56bfc062723c751e8b465ee728b) (PreviewImporter) -> (artifact id: 'c5bfcfc850b5b5bac46e8da2354955bf') in 0.0229774 seconds
Number of updated asset objects reloaded before import = 0Number of asset objects unloaded after import = 2

========================================================================
Received Import Request.
  Time since last request: 0.000090 seconds.
  path: Assets/Sprites/Crosshair/Outline/crosshair009.png
  artifactKey: Guid(8b6369a1ea5ad2f40933d67c8e17496f) Importer(815301076,1909f56bfc062723c751e8b465ee728b)
Start importing Assets/Sprites/Crosshair/Outline/crosshair009.png using Guid(8b6369a1ea5ad2f40933d67c8e17496f) Importer(815301076,1909f56bfc062723c751e8b465ee728b) (PreviewImporter) -> (artifact id: 'af4ba396ee0809edd3b7160a83f754d8') in 0.0210326 seconds
Number of updated asset objects reloaded before import = 0Number of asset objects unloaded after import = 2

========================================================================
Received Import Request.
  Time since last request: 0.000024 seconds.
  path: Assets/Sprites/Crosshair/White/crosshair002.png
  artifactKey: Guid(266d447bdf0368e489905a25244c2e60) Importer(815301076,1909f56bfc062723c751e8b465ee728b)
Start importing Assets/Sprites/Crosshair/White/crosshair002.png using Guid(266d447bdf0368e489905a25244c2e60) Importer(815301076,1909f56bfc062723c751e8b465ee728b) (PreviewImporter) -> (artifact id: '2087a184ae890ecfd9b7bbb089120ebf') in 0.0206229 seconds
Number of updated asset objects reloaded before import = 0Number of asset objects unloaded after import = 2

========================================================================
Received Import Request.
  Time since last request: 0.000031 seconds.
  path: Assets/Sprites/Crosshair/Black/crosshair003.png
  artifactKey: Guid(af538a3b689baf5478f0473fb570a440) Importer(815301076,1909f56bfc062723c751e8b465ee728b)
Start importing Assets/Sprites/Crosshair/Black/crosshair003.png using Guid(af538a3b689baf5478f0473fb570a440) Importer(815301076,1909f56bfc062723c751e8b465ee728b) (PreviewImporter) -> (artifact id: 'ccb188441d75c46bc0ecf2b71172e9a8') in 0.0192985 seconds
Number of updated asset objects reloaded before import = 0Number of asset objects unloaded after import = 2

========================================================================
Received Import Request.
  Time since last request: 0.000022 seconds.
  path: Assets/Sprites/Crosshair/White Retina/crosshair004.png
  artifactKey: Guid(e65a8712896de8f458cadad464e79e71) Importer(815301076,1909f56bfc062723c751e8b465ee728b)
Start importing Assets/Sprites/Crosshair/White Retina/crosshair004.png using Guid(e65a8712896de8f458cadad464e79e71) Importer(815301076,1909f56bfc062723c751e8b465ee728b) (PreviewImporter) -> (artifact id: '5d0d84ff6487ae32d3c8ff0a1f4f0d2d') in 0.1158891 seconds
Number of updated asset objects reloaded before import = 0Number of asset objects unloaded after import = 2

========================================================================
Received Import Request.
  Time since last request: 0.000026 seconds.
  path: Assets/Sprites/Crosshair/White Retina/crosshair006.png
  artifactKey: Guid(676390c7da730114da735afbf7abb8fa) Importer(815301076,1909f56bfc062723c751e8b465ee728b)
Start importing Assets/Sprites/Crosshair/White Retina/crosshair006.png using Guid(676390c7da730114da735afbf7abb8fa) Importer(815301076,1909f56bfc062723c751e8b465ee728b) (PreviewImporter) -> (artifact id: '885ee689896fcddd43580f7ea03f22bd') in 0.0204163 seconds
Number of updated asset objects reloaded before import = 0Number of asset objects unloaded after import = 2

========================================================================
Received Import Request.
  Time since last request: 0.000036 seconds.
  path: Assets/Sprites/Crosshair/White/crosshair008.png
  artifactKey: Guid(4f7c52b964698074eab389b4143d047e) Importer(815301076,1909f56bfc062723c751e8b465ee728b)
Start importing Assets/Sprites/Crosshair/White/crosshair008.png using Guid(4f7c52b964698074eab389b4143d047e) Importer(815301076,1909f56bfc062723c751e8b465ee728b) (PreviewImporter) -> (artifact id: 'e08d7edf690b9ba9c8b015c62ca049e2') in 0.0206913 seconds
Number of updated asset objects reloaded before import = 0Number of asset objects unloaded after import = 2

========================================================================
Received Import Request.
  Time since last request: 0.000025 seconds.
  path: Assets/Sprites/Crosshair/White/crosshair009.png
  artifactKey: Guid(4bbcc1c525b6a2c49b3855294d818da6) Importer(815301076,1909f56bfc062723c751e8b465ee728b)
Start importing Assets/Sprites/Crosshair/White/crosshair009.png using Guid(4bbcc1c525b6a2c49b3855294d818da6) Importer(815301076,1909f56bfc062723c751e8b465ee728b) (PreviewImporter) -> (artifact id: '2ad34c82656bda971a923b58463073f9') in 0.0222652 seconds
Number of updated asset objects reloaded before import = 0Number of asset objects unloaded after import = 2

========================================================================
Received Import Request.
  Time since last request: 0.000025 seconds.
  path: Assets/Sprites/Crosshair/Black Retina/crosshair004.png
  artifactKey: Guid(b66d9701f22e6e24187267532790c145) Importer(815301076,1909f56bfc062723c751e8b465ee728b)
Start importing Assets/Sprites/Crosshair/Black Retina/crosshair004.png using Guid(b66d9701f22e6e24187267532790c145) Importer(815301076,1909f56bfc062723c751e8b465ee728b) (PreviewImporter) -> (artifact id: '1abed68c323db7d48b18004da5153f24') in 0.0224002 seconds
Number of updated asset objects reloaded before import = 0Number of asset objects unloaded after import = 2

========================================================================
Received Import Request.
  Time since last request: 0.000064 seconds.
  path: Assets/Sprites/Crosshair/Black/crosshair004.png
  artifactKey: Guid(235980c9800669042994e1b2ac44ee8d) Importer(815301076,1909f56bfc062723c751e8b465ee728b)
Start importing Assets/Sprites/Crosshair/Black/crosshair004.png using Guid(235980c9800669042994e1b2ac44ee8d) Importer(815301076,1909f56bfc062723c751e8b465ee728b) (PreviewImporter) -> (artifact id: 'f4952d77583a40506eae2aaa89a73604') in 0.0200033 seconds
Number of updated asset objects reloaded before import = 0Number of asset objects unloaded after import = 2

========================================================================
Received Import Request.
  Time since last request: 0.000024 seconds.
  path: Assets/Sprites/Crosshair/Black/crosshair007.png
  artifactKey: Guid(73707ae98af4a2a45a1a5cd4e5d1fab7) Importer(815301076,1909f56bfc062723c751e8b465ee728b)
Start importing Assets/Sprites/Crosshair/Black/crosshair007.png using Guid(73707ae98af4a2a45a1a5cd4e5d1fab7) Importer(815301076,1909f56bfc062723c751e8b465ee728b) (PreviewImporter) -> (artifact id: '7be09eb0f5348c37387f9a86ee822640') in 0.0212361 seconds
Number of updated asset objects reloaded before import = 0Number of asset objects unloaded after import = 2

========================================================================
Received Import Request.
  Time since last request: 0.000026 seconds.
  path: Assets/Sprites/Crosshair/Outline/crosshair007.png
  artifactKey: Guid(68bc1be6d44de724098220d51d05bc3b) Importer(815301076,1909f56bfc062723c751e8b465ee728b)
Start importing Assets/Sprites/Crosshair/Outline/crosshair007.png using Guid(68bc1be6d44de724098220d51d05bc3b) Importer(815301076,1909f56bfc062723c751e8b465ee728b) (PreviewImporter) -> (artifact id: '4b022e695ee6da440b82b7c4e732620f') in 0.0210224 seconds
Number of updated asset objects reloaded before import = 0Number of asset objects unloaded after import = 2

========================================================================
Received Import Request.
  Time since last request: 0.000027 seconds.
  path: Assets/Sprites/Crosshair/Outline/crosshair006.png
  artifactKey: Guid(c8f6d03aa8a6ad9418137d83109f9498) Importer(815301076,1909f56bfc062723c751e8b465ee728b)
Start importing Assets/Sprites/Crosshair/Outline/crosshair006.png using Guid(c8f6d03aa8a6ad9418137d83109f9498) Importer(815301076,1909f56bfc062723c751e8b465ee728b) (PreviewImporter) -> (artifact id: '52c034bd26b9808bb82fcadd70e8c82e') in 0.0202061 seconds
Number of updated asset objects reloaded before import = 0Number of asset objects unloaded after import = 2

========================================================================
Received Import Request.
  Time since last request: 0.000031 seconds.
  path: Assets/Sprites/Crosshair/Outline/crosshair002.png
  artifactKey: Guid(69cd46fa66ccce64798a46c1a5dc42ea) Importer(815301076,1909f56bfc062723c751e8b465ee728b)
Start importing Assets/Sprites/Crosshair/Outline/crosshair002.png using Guid(69cd46fa66ccce64798a46c1a5dc42ea) Importer(815301076,1909f56bfc062723c751e8b465ee728b) (PreviewImporter) -> (artifact id: '36588f10938ab22b4ffc15cd657c96fa') in 0.0198867 seconds
Number of updated asset objects reloaded before import = 0Number of asset objects unloaded after import = 2

========================================================================
Received Prepare
Refreshing native plugins compatible for Editor in 7.95 ms, found 4 plugins.
Preloading 0 native plugins for Editor in 0.00 ms.
Unloading 22 Unused Serialized files (Serialized files now loaded: 0)
Unloading 7674 unused Assets / (3.5 MB). Loaded Objects now: 8391.
Memory consumption went from 162.7 MB to 159.2 MB.
Total: 24.463700 ms (FindLiveObjects: 1.359200 ms CreateObjectMapping: 2.290100 ms MarkObjects: 14.902100 ms  DeleteObjects: 5.910900 ms)

Prepare: number of updated asset objects reloaded= 0
========================================================================
Received Import Request.
  Time since last request: 74.880446 seconds.
  path: Assets/Scripts/World/Doors/SystemDoor.cs
  artifactKey: Guid(97a0a65b8789bbd428b54a2e9c5f8f13) Importer(815301076,1909f56bfc062723c751e8b465ee728b)
Start importing Assets/Scripts/World/Doors/SystemDoor.cs using Guid(97a0a65b8789bbd428b54a2e9c5f8f13) Importer(815301076,1909f56bfc062723c751e8b465ee728b) (PreviewImporter) -> (artifact id: '837f426a73328eb3f7325764c82bbeba') in 0.0087744 seconds
Number of updated asset objects reloaded before import = 0Number of asset objects unloaded after import = 0

========================================================================
Received Prepare
Assembly reference Packages/com.unity.entities/Unity.Scenes.Editor/Internals/Properties/Unity.Properties.Internals.asmref has no target assembly definition
Assembly reference Packages/com.unity.entities/Unity.Scenes.Editor/Internals/Properties/Unity.Properties.Internals.asmref has no target assembly definition
Begin MonoManager ReloadAssembly
- Loaded All Assemblies, in  0.914 seconds
Assembly reference Packages/com.unity.entities/Unity.Scenes.Editor/Internals/Properties/Unity.Properties.Internals.asmref has no target assembly definition
Refreshing native plugins compatible for Editor in 1.87 ms, found 4 plugins.
Native extension for WindowsStandalone target not found
Assembly reference Packages/com.unity.entities/Unity.Scenes.Editor/Internals/Properties/Unity.Properties.Internals.asmref has no target assembly definition
[Package Manager] Failed to launch server process. Reason: Unity was launched with the -noUpm command-line argument
[Package Manager] Unable to send message (not connected to server process).
[Package Manager] Cannot connect to Unity Package Manager local server
TypeManager.Initialize took: 346ms
Mono: successfully reloaded assembly
- Finished resetting the current domain, in  1.458 seconds
Domain Reload Profiling: 2372ms
	BeginReloadAssembly (260ms)
		ExecutionOrderSort (0ms)
		DisableScriptedObjects (6ms)
		BackupInstance (0ms)
		ReleaseScriptingObjects (0ms)
		CreateAndSetChildDomain (86ms)
	RebuildCommonClasses (39ms)
	RebuildNativeTypeToScriptingClass (16ms)
	initialDomainReloadingComplete (40ms)
	LoadAllAssembliesAndSetupDomain (558ms)
		LoadAssemblies (434ms)
		RebuildTransferFunctionScriptingTraits (0ms)
		AnalyzeDomain (242ms)
			TypeCache.Refresh (19ms)
				TypeCache.ScanAssembly (3ms)
			BuildScriptInfoCaches (197ms)
			ResolveRequiredComponents (21ms)
	FinalizeReload (1459ms)
		ReleaseScriptCaches (0ms)
		RebuildScriptCaches (0ms)
		SetupLoadedEditorAssemblies (1191ms)
			LogAssemblyErrors (0ms)
			InitializePlatformSupportModulesInManaged (2ms)
			SetLoadedEditorAssemblies (6ms)
			BeforeProcessingInitializeOnLoad (93ms)
			ProcessInitializeOnLoadAttributes (939ms)
			ProcessInitializeOnLoadMethodAttributes (143ms)
			AfterProcessingInitializeOnLoad (7ms)
			EditorAssembliesLoaded (0ms)
		ExecutionOrderSort2 (0ms)
		AwakeInstancesAfterBackupRestoration (24ms)
Refreshing native plugins compatible for Editor in 2.75 ms, found 4 plugins.
Preloading 0 native plugins for Editor in 0.00 ms.
Unloading 26 Unused Serialized files (Serialized files now loaded: 0)
Unloading 7690 unused Assets / (6.0 MB). Loaded Objects now: 8392.
Memory consumption went from 169.4 MB to 163.4 MB.
Total: 19.403800 ms (FindLiveObjects: 1.298300 ms CreateObjectMapping: 2.064700 ms MarkObjects: 10.539000 ms  DeleteObjects: 5.500000 ms)

Unloading 0 Unused Serialized files (Serialized files now loaded: 0)
Unloading 0 unused Assets / (5.1 MB). Loaded Objects now: 8392.
Memory consumption went from 163.4 MB to 158.3 MB.
Total: 12.638200 ms (FindLiveObjects: 0.669000 ms CreateObjectMapping: 0.736300 ms MarkObjects: 9.752200 ms  DeleteObjects: 1.479400 ms)

Prepare: number of updated asset objects reloaded= 0
========================================================================
Received Import Request.
  Time since last request: 93.749139 seconds.
  path: Assets/Sounds/Doors/Doors Small Sound Pack/Drs_Bathroom_Locker_Open_01.wav
  artifactKey: Guid(3efcaf9f56452c946a2f7cb74d0aada6) Importer(815301076,1909f56bfc062723c751e8b465ee728b)
Start importing Assets/Sounds/Doors/Doors Small Sound Pack/Drs_Bathroom_Locker_Open_01.wav using Guid(3efcaf9f56452c946a2f7cb74d0aada6) Importer(815301076,1909f56bfc062723c751e8b465ee728b) (PreviewImporter) -> (artifact id: '67ff804fee900fc51b8ff2c0e6905fd1') in 0.148769 seconds
Number of updated asset objects reloaded before import = 0Number of asset objects unloaded after import = 2

========================================================================
Received Import Request.
  Time since last request: 0.000042 seconds.
  path: Assets/Sounds/Doors/Doors Small Sound Pack/Drs_Chest_Large_Close_01.wav
  artifactKey: Guid(a1350748e0dbbdc4ea1baa4612180a0b) Importer(815301076,1909f56bfc062723c751e8b465ee728b)
Start importing Assets/Sounds/Doors/Doors Small Sound Pack/Drs_Chest_Large_Close_01.wav using Guid(a1350748e0dbbdc4ea1baa4612180a0b) Importer(815301076,1909f56bfc062723c751e8b465ee728b) (PreviewImporter) -> (artifact id: '80f9754a960b1b415a1e8a407d1a015c') in 0.040104 seconds
Number of updated asset objects reloaded before import = 0Number of asset objects unloaded after import = 2

========================================================================
Received Import Request.
  Time since last request: 0.000036 seconds.
  path: Assets/Sounds/Doors/Doors Small Sound Pack/Drs_Chest_Large_Open_01.wav
  artifactKey: Guid(ab384642aa9657d4fb8d6c44082726ba) Importer(815301076,1909f56bfc062723c751e8b465ee728b)
Start importing Assets/Sounds/Doors/Doors Small Sound Pack/Drs_Chest_Large_Open_01.wav using Guid(ab384642aa9657d4fb8d6c44082726ba) Importer(815301076,1909f56bfc062723c751e8b465ee728b) (PreviewImporter) -> (artifact id: 'd4990427dce8605e5a7565f81e29a42c') in 0.0463743 seconds
Number of updated asset objects reloaded before import = 0Number of asset objects unloaded after import = 2

========================================================================
Received Import Request.
  Time since last request: 0.000018 seconds.
  path: Assets/Sounds/Doors/Doors Small Sound Pack/Drs_Kitchen_Cabinet_Close_01.wav
  artifactKey: Guid(eb94dd75a92cbe743875459ad7725fd4) Importer(815301076,1909f56bfc062723c751e8b465ee728b)
Start importing Assets/Sounds/Doors/Doors Small Sound Pack/Drs_Kitchen_Cabinet_Close_01.wav using Guid(eb94dd75a92cbe743875459ad7725fd4) Importer(815301076,1909f56bfc062723c751e8b465ee728b) (PreviewImporter) -> (artifact id: '5e09646553a5a2b462693c9d00752020') in 0.0224829 seconds
Number of updated asset objects reloaded before import = 0Number of asset objects unloaded after import = 2

========================================================================
Received Import Request.
  Time since last request: 0.000051 seconds.
  path: Assets/Sounds/Doors/Doors Small Sound Pack/Drs_Close_Drawer_01.wav
  artifactKey: Guid(c9f9e6cf438cca4428843c78324093f7) Importer(815301076,1909f56bfc062723c751e8b465ee728b)
Start importing Assets/Sounds/Doors/Doors Small Sound Pack/Drs_Close_Drawer_01.wav using Guid(c9f9e6cf438cca4428843c78324093f7) Importer(815301076,1909f56bfc062723c751e8b465ee728b) (PreviewImporter) -> (artifact id: '03178cc33156965c4e2d9094f17805e5') in 0.0245206 seconds
Number of updated asset objects reloaded before import = 0Number of asset objects unloaded after import = 2

========================================================================
Received Import Request.
  Time since last request: 0.000068 seconds.
  path: Assets/Sounds/Doors/Doors Small Sound Pack/Drs_Front_Door_Close_01.wav
  artifactKey: Guid(f80c4491ef7b09b4ca4854859ae0c054) Importer(815301076,1909f56bfc062723c751e8b465ee728b)
Start importing Assets/Sounds/Doors/Doors Small Sound Pack/Drs_Front_Door_Close_01.wav using Guid(f80c4491ef7b09b4ca4854859ae0c054) Importer(815301076,1909f56bfc062723c751e8b465ee728b) (PreviewImporter) -> (artifact id: '20ca019e5de48b77e8b3e5674828ca1f') in 0.0771357 seconds
Number of updated asset objects reloaded before import = 0Number of asset objects unloaded after import = 2

========================================================================
Received Import Request.
  Time since last request: 0.000025 seconds.
  path: Assets/Sounds/Doors/Doors Small Sound Pack/Drs_Open_Box_01.wav
  artifactKey: Guid(51995b88000ddfa43a25b075de5e564f) Importer(815301076,1909f56bfc062723c751e8b465ee728b)
Start importing Assets/Sounds/Doors/Doors Small Sound Pack/Drs_Open_Box_01.wav using Guid(51995b88000ddfa43a25b075de5e564f) Importer(815301076,1909f56bfc062723c751e8b465ee728b) (PreviewImporter) -> (artifact id: '12f02d6e13a80a912ce194c8ca13b964') in 0.0296502 seconds
Number of updated asset objects reloaded before import = 0Number of asset objects unloaded after import = 2

========================================================================
Received Import Request.
  Time since last request: 0.000065 seconds.
  path: Assets/Sounds/Doors/Doors Small Sound Pack/Drs_Table_Close_01.wav
  artifactKey: Guid(16ff232cde1f3ee408f75a0d28869a89) Importer(815301076,1909f56bfc062723c751e8b465ee728b)
Start importing Assets/Sounds/Doors/Doors Small Sound Pack/Drs_Table_Close_01.wav using Guid(16ff232cde1f3ee408f75a0d28869a89) Importer(815301076,1909f56bfc062723c751e8b465ee728b) (PreviewImporter) -> (artifact id: 'c3c5dc8df58d591f5bb4cb02520a3ca8') in 0.0337076 seconds
Number of updated asset objects reloaded before import = 0Number of asset objects unloaded after import = 2

========================================================================
Received Import Request.
  Time since last request: 0.000020 seconds.
  path: Assets/Sounds/Doors/Doors Small Sound Pack/Drs_Chest_Open_01.wav
  artifactKey: Guid(0921c6f7104eca248b33b7d02708e469) Importer(815301076,1909f56bfc062723c751e8b465ee728b)
Start importing Assets/Sounds/Doors/Doors Small Sound Pack/Drs_Chest_Open_01.wav using Guid(0921c6f7104eca248b33b7d02708e469) Importer(815301076,1909f56bfc062723c751e8b465ee728b) (PreviewImporter) -> (artifact id: 'b0de11ccfa6f35f66a82ba710fd79bc2') in 0.0508069 seconds
Number of updated asset objects reloaded before import = 0Number of asset objects unloaded after import = 2

========================================================================
Received Import Request.
  Time since last request: 0.000109 seconds.
  path: Assets/Sounds/Doors/Doors Small Sound Pack/Drs_Wood_Door_Close_02.wav
  artifactKey: Guid(67708b77846437f4aa8e55a2246d1844) Importer(815301076,1909f56bfc062723c751e8b465ee728b)
Start importing Assets/Sounds/Doors/Doors Small Sound Pack/Drs_Wood_Door_Close_02.wav using Guid(67708b77846437f4aa8e55a2246d1844) Importer(815301076,1909f56bfc062723c751e8b465ee728b) (PreviewImporter) -> (artifact id: 'a42bd533e04001c334f92f6304552813') in 0.0552728 seconds
Number of updated asset objects reloaded before import = 0Number of asset objects unloaded after import = 2

========================================================================
Received Import Request.
  Time since last request: 0.000081 seconds.
  path: Assets/Sounds/Doors/Doors Small Sound Pack/Drs_Wood_Door_Open_02.wav
  artifactKey: Guid(f677351afc9770e42aee78010e4f2765) Importer(815301076,1909f56bfc062723c751e8b465ee728b)
Start importing Assets/Sounds/Doors/Doors Small Sound Pack/Drs_Wood_Door_Open_02.wav using Guid(f677351afc9770e42aee78010e4f2765) Importer(815301076,1909f56bfc062723c751e8b465ee728b) (PreviewImporter) -> (artifact id: '62b4c333d922d338b4b66f0885b905ba') in 0.0583809 seconds
Number of updated asset objects reloaded before import = 0Number of asset objects unloaded after import = 2

========================================================================
Received Import Request.
  Time since last request: 0.000031 seconds.
  path: Assets/Sounds/Doors/Doors Small Sound Pack/Drs_Wood_DoubleDoor_Open_01.wav
  artifactKey: Guid(9485bf88f1650ae478281426b0bff7aa) Importer(815301076,1909f56bfc062723c751e8b465ee728b)
Start importing Assets/Sounds/Doors/Doors Small Sound Pack/Drs_Wood_DoubleDoor_Open_01.wav using Guid(9485bf88f1650ae478281426b0bff7aa) Importer(815301076,1909f56bfc062723c751e8b465ee728b) (PreviewImporter) -> (artifact id: 'e0a9b87324250d7553e8de3401f76e9c') in 0.0513591 seconds
Number of updated asset objects reloaded before import = 0Number of asset objects unloaded after import = 2

========================================================================
Received Import Request.
  Time since last request: 0.000030 seconds.
  path: Assets/Sounds/Doors/Doors Small Sound Pack/Drs_Car_Open_01.wav
  artifactKey: Guid(094d4bd8ba687aa4f9b0fc81f99e4245) Importer(815301076,1909f56bfc062723c751e8b465ee728b)
Start importing Assets/Sounds/Doors/Doors Small Sound Pack/Drs_Car_Open_01.wav using Guid(094d4bd8ba687aa4f9b0fc81f99e4245) Importer(815301076,1909f56bfc062723c751e8b465ee728b) (PreviewImporter) -> (artifact id: '7593e569c0a4257ae5ec0d3fd0d373e7') in 0.0465537 seconds
Number of updated asset objects reloaded before import = 0Number of asset objects unloaded after import = 2

========================================================================
Received Import Request.
  Time since last request: 0.000019 seconds.
  path: Assets/Sounds/Doors/Doors Small Sound Pack/Drs_MetalDoor_Open_01.wav
  artifactKey: Guid(b1334dbf63b8b12469d492e285f8003d) Importer(815301076,1909f56bfc062723c751e8b465ee728b)
Start importing Assets/Sounds/Doors/Doors Small Sound Pack/Drs_MetalDoor_Open_01.wav using Guid(b1334dbf63b8b12469d492e285f8003d) Importer(815301076,1909f56bfc062723c751e8b465ee728b) (PreviewImporter) -> (artifact id: '63eaa6c17ba42fe11214b224af99fd6d') in 0.0359197 seconds
Number of updated asset objects reloaded before import = 0Number of asset objects unloaded after import = 2

Editor requested this worker to shutdown with reason: Scaling down because of idle timeout
AssetImportWorker is now disconnected from the server
Process exiting
Exiting without the bug reporter. Application will terminate with return code 0